=== run1-decomposition: per-stage cost of the paid-packet path (component microbenches) ===
date: 2026-08-03T20:56:41Z
host: WSL2 Linux 6.6.114.1 / 16 cores / TMPDIR=/tmp on ext4 (/dev/sdd, WSL2 VHD)
connector rev: 59e167f2

=== mesh-shard-over-ilp: per-packet cost decomposition ===
host: 16 cores | section: all

--- SECTION: crypto (per-claim signature work) ---
eip712 digest (evm_balance_proof_digest)       n=20000   p50=     2.625us p90=     2.645us p99=     4.955us mean=     2.731us max=    33.053us  (p50=0.0026ms)
secp256k1 sign (claim signing, CLIENT side)    n=2000    p50=    71.770us p90=    79.626us p99=    97.834us mean=    73.827us max=   116.061us  (p50=0.0718ms)
secp256k1 recover (claim verify, CONNECTOR side) n=2000    p50=   135.194us p90=   182.394us p99=   205.067us mean=   144.396us max=   353.847us  (p50=0.1352ms)
build signed claim JSON (client per-packet)    n=2000    p50=   120.271us p90=   134.639us p99=   194.991us mean=   125.966us max=   384.558us  (p50=0.1203ms)

--- SECTION: journal (the fsync hypothesis) ---
  journal path: /tmp/.tmpnIDvjr/claims.log (TMPDIR filesystem)
FileJournal::append (write + sync_data)        n=300     p50=  1637.695us p90=  2219.111us p99= 74353.043us mean=  4404.747us max= 74999.560us  (p50=1.6377ms)
FileJournal::append_batch batch=1    PER-ENTRY n=50      p50=  1504.628us p90=  1836.222us p99= 74179.337us mean=  4430.722us max= 74179.337us  (p50=1.5046ms)
FileJournal::append_batch batch=8    PER-ENTRY n=50      p50=   202.416us p90=   240.651us p99=  9189.330us mean=   744.013us max=  9189.330us  (p50=0.2024ms)
FileJournal::append_batch batch=64   PER-ENTRY n=50      p50=    31.142us p90=    79.053us p99=  1163.212us mean=   121.775us max=  1163.212us  (p50=0.0311ms)
FileJournal::append_batch batch=512  PER-ENTRY n=50      p50=     6.263us p90=   145.722us p99=   147.186us mean=    20.630us max=   147.186us  (p50=0.0063ms)
raw write() only, NO fsync                     n=2000    p50=     0.974us p90=     0.984us p99=     3.438us mean=     1.030us max=    30.977us  (p50=0.0010ms)
raw write() + sync_data() (bare fsync cost)    n=300     p50=  1559.493us p90=  1887.997us p99= 73192.347us mean=  6081.891us max= 73512.823us  (p50=1.5595ms)

--- SECTION: ClientClaimGate::ingest (full admission path) ---
gate.ingest SERIAL (1 session, sequential)     n=400     p50=  1731.293us p90=  2115.434us p99= 72657.552us mean=  3924.173us max= 73283.231us  (p50=1.7313ms)
gate.ingest CONCURRENT sessions=8              n=800     p50=  3033.464us p90= 73207.650us p99= 74373.628us mean= 10785.074us max= 74705.491us  (p50=3.0335ms)
  aggregate: 731 claims/sec across 8 sessions (800 claims in 1.09s)
gate.ingest CONCURRENT sessions=64             n=6400    p50=  4832.775us p90=  6350.462us p99= 76125.643us mean=  9154.290us max= 77659.712us  (p50=4.8328ms)
  aggregate: 6824 claims/sec across 64 sessions (6400 claims in 0.94s)
gate.ingest SERIAL w/ InMemoryJournal (NO fsync) n=2000    p50=   190.139us p90=   231.007us p99=   302.193us mean=   198.553us max=   575.203us  (p50=0.1901ms)

--- SECTION: ILP OER encode/decode ---
Prepare::encode   1024B payload                n=2000    p50=     0.479us p90=     0.509us p99=     0.529us mean=     0.495us max=    18.555us  (p50=0.0005ms)
Prepare::decode   1024B payload                n=2000    p50=     0.189us p90=     0.199us p99=     0.200us mean=     0.193us max=     8.404us  (p50=0.0002ms)
Fulfill::encode   1024B payload                n=2000    p50=     0.200us p90=     0.220us p99=     0.230us mean=     0.205us max=     0.250us  (p50=0.0002ms)
Fulfill::decode   1024B payload                n=2000    p50=     0.070us p90=     0.080us p99=     0.080us mean=     0.072us max=     0.090us  (p50=0.0001ms)
  wire size: Prepare 1024B payload -> 1096B on the wire (+72B framing)
Prepare::encode  16384B payload                n=2000    p50=     0.968us p90=     1.007us p99=     1.047us mean=     0.993us max=    13.958us  (p50=0.0010ms)
Prepare::decode  16384B payload                n=2000    p50=     3.968us p90=     5.853us p99=     5.982us mean=     4.241us max=    30.789us  (p50=0.0040ms)
Fulfill::encode  16384B payload                n=2000    p50=     0.668us p90=     0.698us p99=     0.737us mean=     0.677us max=     8.255us  (p50=0.0007ms)
Fulfill::decode  16384B payload                n=2000    p50=     3.849us p90=     3.878us p99=     5.195us mean=     3.898us max=    23.709us  (p50=0.0038ms)
  wire size: Prepare 16384B payload -> 16456B on the wire (+72B framing)
Prepare::encode  32768B payload                n=2000    p50=     9.282us p90=     9.352us p99=    13.919us mean=     9.402us max=    52.114us  (p50=0.0093ms)
Prepare::decode  32768B payload                n=2000    p50=     0.718us p90=     0.738us p99=     0.757us mean=     0.725us max=     9.691us  (p50=0.0007ms)
Fulfill::encode  32768B payload                n=2000    p50=     1.176us p90=     1.197us p99=     1.605us mean=     1.190us max=     9.830us  (p50=0.0012ms)
Fulfill::decode  32768B payload                n=2000    p50=     0.579us p90=     0.599us p99=     0.797us mean=     0.603us max=     9.790us  (p50=0.0006ms)
  wire size: Prepare 32768B payload -> 32840B on the wire (+72B framing)
Prepare::encode  65536B payload                n=2000    p50=    18.016us p90=    28.973us p99=    37.347us mean=    21.319us max=   134.317us  (p50=0.0180ms)
Prepare::decode  65536B payload                n=2000    p50=     1.206us p90=     1.226us p99=     1.246us mean=     1.207us max=     8.494us  (p50=0.0012ms)
Fulfill::encode  65536B payload                n=2000    p50=     3.030us p90=     3.071us p99=     3.260us mean=     3.052us max=    13.100us  (p50=0.0030ms)
Fulfill::decode  65536B payload                n=2000    p50=     1.067us p90=     1.366us p99=     1.615us mean=     1.138us max=     7.916us  (p50=0.0011ms)
  wire size: Prepare 65536B payload -> 65609B on the wire (+73B framing)

--- SECTION: giftwrap (ADR 0018/0019 payload sealing) ---
seal_request    1024B (sender: ECDH+HKDF+ChaCha20) n=500     p50=   120.688us p90=   176.231us p99=   188.155us mean=   128.975us max=   200.407us  (p50=0.1207ms)
open_request    1024B (connector: ECDH+HKDF+decrypt) n=500     p50=    81.615us p90=    85.982us p99=   103.080us mean=    82.596us max=   128.534us  (p50=0.0816ms)
seal_response   1024B (connector: HKDF+encrypt) n=500     p50=     2.483us p90=     2.502us p99=     2.523us mean=     2.500us max=     9.362us  (p50=0.0025ms)
open_response   1024B (sender: HKDF+decrypt)   n=500     p50=     2.034us p90=     2.044us p99=     2.054us mean=     2.040us max=     6.111us  (p50=0.0020ms)
  size expansion: plaintext 1024B -> sealed_request 1150B (+126B) / sealed_response 1053B (+29B)
seal_request   16384B (sender: ECDH+HKDF+ChaCha20) n=500     p50=   127.595us p90=   151.748us p99=   198.080us mean=   133.983us max=   223.132us  (p50=0.1276ms)
open_request   16384B (connector: ECDH+HKDF+decrypt) n=500     p50=    90.003us p90=   128.470us p99=   153.203us mean=    99.994us max=   323.744us  (p50=0.0900ms)
seal_response  16384B (connector: HKDF+encrypt) n=500     p50=    10.441us p90=    10.510us p99=    16.751us mean=    10.541us max=    21.220us  (p50=0.0104ms)
open_response  16384B (sender: HKDF+decrypt)   n=500     p50=     9.435us p90=     9.485us p99=    15.018us mean=     9.560us max=    20.383us  (p50=0.0094ms)
  size expansion: plaintext 16384B -> sealed_request 16510B (+126B) / sealed_response 16413B (+29B)
seal_request   32768B (sender: ECDH+HKDF+ChaCha20) n=500     p50=   138.403us p90=   200.010us p99=   226.256us mean=   154.867us max=   291.546us  (p50=0.1384ms)
open_request   32768B (connector: ECDH+HKDF+decrypt) n=500     p50=    98.612us p90=   139.677us p99=   164.081us mean=   109.409us max=   177.110us  (p50=0.0986ms)
seal_response  32768B (connector: HKDF+encrypt) n=500     p50=    29.858us p90=    35.930us p99=    50.869us mean=    31.966us max=    87.077us  (p50=0.0299ms)
open_response  32768B (sender: HKDF+decrypt)   n=500     p50=    17.557us p90=    19.656us p99=    30.406us mean=    18.461us max=    67.381us  (p50=0.0176ms)
  size expansion: plaintext 32768B -> sealed_request 32894B (+126B) / sealed_response 32797B (+29B)
seal_request   65536B (sender: ECDH+HKDF+ChaCha20) n=500     p50=   157.035us p90=   170.740us p99=   243.365us mean=   163.377us max=   524.262us  (p50=0.1570ms)
open_request   65536B (connector: ECDH+HKDF+decrypt) n=500     p50=   115.591us p90=   143.031us p99=   164.579us mean=   120.881us max=   208.421us  (p50=0.1156ms)
seal_response  65536B (connector: HKDF+encrypt) n=500     p50=    51.715us p90=    66.374us p99=    77.671us mean=    56.183us max=    87.893us  (p50=0.0517ms)
open_response  65536B (sender: HKDF+decrypt)   n=500     p50=    33.401us p90=    34.297us p99=    48.928us mean=    34.341us max=   244.699us  (p50=0.0334ms)
  size expansion: plaintext 65536B -> sealed_request 65662B (+126B) / sealed_response 65565B (+29B)

=== done ===
